// Jest Snapshot v1, https://goo.gl/fbAQLP

exports[`<UnderConstruction / > create component 1`] = `
<div>
  <div
    class="MuiPaper-root MuiCard-root makeStyles-root-1 MuiPaper-elevation1 MuiPaper-rounded"
  >
    <div
      class="MuiBox-root MuiBox-root-10"
    >
      <div
        class="MuiBox-root MuiBox-root-11 makeStyles-imageLayout-4"
      >
        <svg
          aria-hidden="true"
          class="MuiSvgIcon-root makeStyles-image-9"
          focusable="false"
          viewBox="0 0 496 496"
        >
          <g>
            <g>
              <path
                d="m496.769 104.908-15.321-62.548h-25.667l-15.321 62.548z"
                fill="#f9ef63"
              />
            </g>
            <g>
              <path
                d="m71.54 104.908-15.321-62.548h-25.667l-15.321 62.548z"
                fill="#f9ef63"
              />
            </g>
            <g>
              <path
                d="m481.448 42.36h-16.835l15.321 62.548h16.835z"
                fill="#f4dd45"
              />
            </g>
            <g>
              <path
                d="m56.219 42.36h-16.835l15.321 62.548h16.835z"
                fill="#f4dd45"
              />
            </g>
            <g>
              <circle
                cx="468.615"
                cy="30.931"
                fill="#e7a561"
                r="24.044"
              />
            </g>
            <g>
              <circle
                cx="43.386"
                cy="30.931"
                fill="#e7a561"
                r="24.044"
              />
            </g>
            <g>
              <path
                d="m474.372 7.586c.453 1.845.699 3.772.699 5.757 0 13.279-10.765 24.044-24.044 24.044-1.985 0-3.912-.245-5.757-.699 2.581 10.498 12.051 18.287 23.345 18.287 13.279 0 24.044-10.765 24.044-24.044 0-11.294-7.789-20.764-18.287-23.345z"
                fill="#e4936b"
              />
            </g>
            <g>
              <path
                d="m49.143 7.586c.453 1.845.699 3.772.699 5.757 0 13.279-10.765 24.044-24.044 24.044-1.985 0-3.912-.245-5.757-.699 2.58 10.498 12.051 18.287 23.345 18.287 13.279 0 24.044-10.765 24.044-24.044 0-11.294-7.789-20.764-18.287-23.345z"
                fill="#e4936b"
              />
            </g>
            <g>
              <path
                d="m236.581 135.885h36.657v427.408h-36.657z"
                fill="#f6f9f9"
                transform="matrix(0 1 -1 0 604.5 94.679)"
              />
            </g>
            <g>
              <path
                d="m433.706 331.261v3.841c0 7.541-6.113 13.654-13.654 13.654h-378.846v19.163h427.408v-36.657h-34.908z"
                fill="#dae4ea"
              />
            </g>
            <g>
              <path
                d="m56.714 413.516h-26.657c-2.761 0-5-2.239-5-5v-297.883h36.657v297.883c0 2.762-2.238 5-5 5z"
                fill="#dae4ea"
              />
            </g>
            <g>
              <path
                d="m481.943 413.516h-26.657c-2.761 0-5-2.239-5-5v-297.883h36.657v297.883c0 2.762-2.238 5-5 5z"
                fill="#dae4ea"
              />
            </g>
            <g>
              <path
                d="m44.423 110.633v280.503c0 2.81-2.278 5.089-5.089 5.089h-14.277v12.291c0 2.761 2.239 5 5 5h26.657c2.761 0 5-2.239 5-5v-297.883z"
                fill="#b9c1cb"
              />
            </g>
            <g>
              <path
                d="m469.652 110.633v280.503c0 2.81-2.278 5.089-5.089 5.089h-14.278v12.291c0 2.761 2.239 5 5 5h26.657c2.761 0 5-2.239 5-5v-297.883z"
                fill="#b9c1cb"
              />
            </g>
            <g>
              <path
                d="m504 167.181h-34.297l-9.422-4.9-9.996 4.9h-442.285c-4.418 0-8-3.582-8-8v-63.765c0-4.418 3.582-8 8-8h496c4.418 0 8 3.582 8 8v63.765c0 4.418-3.582 8-8 8z"
                fill="#f6f9f9"
              />
            </g>
            <g>
              <path
                d="m504 87.416h-15.643v47.98c0 4.497-3.645 8.142-8.142 8.142h-480.215v15.643c0 4.418 3.582 8 8 8h496c4.418 0 8-3.582 8-8v-63.765c0-4.418-3.582-8-8-8z"
                fill="#dae4ea"
              />
            </g>
            <g>
              <path
                d="m133.961 87.416h-64.768l-69.193 69.193v2.572c0 4.418 3.582 8 8 8h46.196z"
                fill="#ecbe6b"
              />
            </g>
            <g>
              <path
                d="m183.733 167.181 79.765-79.765h-64.768l-79.765 79.765z"
                fill="#ecbe6b"
              />
            </g>
            <g>
              <path
                d="m313.27 167.181 79.765-79.765h-64.768l-79.765 79.765z"
                fill="#ecbe6b"
              />
            </g>
            <g>
              <path
                d="m378.039 167.181h64.768l69.193-69.193v-2.572c0-4.418-3.582-8-8-8h-46.196z"
                fill="#ecbe6b"
              />
            </g>
            <g>
              <g>
                <path
                  d="m401.682 143.538-23.643 23.643h64.768l23.643-23.643z"
                  fill="#e7a561"
                />
              </g>
              <g>
                <path
                  d="m504 87.416h-15.643v34.215l23.643-23.643v-2.572c0-4.418-3.582-8-8-8z"
                  fill="#e7a561"
                />
              </g>
            </g>
            <g>
              <path
                d="m272.145 143.538-23.643 23.643h64.768l23.643-23.643z"
                fill="#e7a561"
              />
            </g>
            <g>
              <path
                d="m142.608 143.538-23.643 23.643h64.768l23.643-23.643z"
                fill="#e7a561"
              />
            </g>
            <g>
              <path
                d="m13.071 143.538-13.071 13.071v2.572c0 4.418 3.582 8 8 8h46.196l23.643-23.643z"
                fill="#e7a561"
              />
            </g>
            <g>
              <path
                d="m504 285.663h-496c-4.418 0-8-3.582-8-8v-63.765c0-4.418 3.582-8 8-8h496c4.418 0 8 3.582 8 8v63.765c0 4.418-3.582 8-8 8z"
                fill="#ecbe6b"
              />
            </g>
            <g>
              <path
                d="m504 205.898h-15.643v47.98c0 4.497-3.645 8.142-8.142 8.142h-480.215v15.643c0 4.418 3.582 8 8 8h496c4.418 0 8-3.582 8-8v-63.765c0-4.419-3.582-8-8-8z"
                fill="#e7a561"
              />
            </g>
            <g>
              <path
                d="m133.961 205.898h-64.768l-69.193 69.193v2.572c0 4.418 3.582 8 8 8h46.196z"
                fill="#f6f9f9"
              />
            </g>
            <g>
              <path
                d="m183.733 285.663 79.765-79.765h-64.768l-79.765 79.765z"
                fill="#f6f9f9"
              />
            </g>
            <g>
              <path
                d="m313.27 285.663 79.765-79.765h-64.768l-79.765 79.765z"
                fill="#f6f9f9"
              />
            </g>
            <g>
              <path
                d="m378.039 285.663h64.768l69.193-69.193v-2.572c0-4.418-3.582-8-8-8h-46.196z"
                fill="#f6f9f9"
              />
            </g>
            <g>
              <g>
                <path
                  d="m401.682 262.02-23.643 23.643h64.768l23.643-23.643z"
                  fill="#dae4ea"
                />
              </g>
              <g>
                <path
                  d="m504 205.898h-15.643v34.215l23.643-23.643v-2.572c0-4.419-3.582-8-8-8z"
                  fill="#dae4ea"
                />
              </g>
            </g>
            <g>
              <path
                d="m272.145 262.02-23.643 23.643h64.768l23.643-23.643z"
                fill="#dae4ea"
              />
            </g>
            <g>
              <path
                d="m142.608 262.02-23.643 23.643h64.768l23.643-23.643z"
                fill="#dae4ea"
              />
            </g>
            <g>
              <path
                d="m13.071 262.02-13.071 13.071v2.572c0 4.418 3.582 8 8 8h46.196l23.643-23.643z"
                fill="#dae4ea"
              />
            </g>
            <g>
              <path
                d="m335.895 288-35.252 9.134-47.651 194.536h165.807l-47.651-194.536z"
                fill="#dae4ea"
              />
            </g>
            <g>
              <path
                d="m334.208 290.245 49.338 201.425h35.253l-47.651-194.536z"
                fill="#b9c1cb"
              />
            </g>
            <g>
              <path
                d="m434.117 505.113h-196.443c-2.209 0-4-1.791-4-4v-25.161c0-2.209 1.791-4 4-4h196.442c2.209 0 4 1.791 4 4v25.161c.001 2.209-1.79 4-3.999 4z"
                fill="#e7a561"
              />
            </g>
            <path
              d="m434.117 471.951h-13.104v12.058c0 2.209-1.791 4-4 4h-183.339v13.103c0 2.209 1.791 4 4 4h196.442c2.209 0 4-1.791 4-4v-25.161c.001-2.209-1.79-4-3.999-4z"
              fill="#e4936b"
            />
            <g>
              <path
                d="m322.127 242.027c-4.688 0-8.77 3.202-9.885 7.756l-11.598 47.35h70.505l-11.598-47.35c-1.115-4.554-5.197-7.756-9.885-7.756z"
                fill="#e7a561"
              />
            </g>
            <g>
              <path
                d="m271.694 415.318h128.402l-14.474-59.092h-99.453z"
                fill="#e7a561"
              />
            </g>
            <g>
              <path
                d="m324.297 249.783 11.598 47.35h35.252l-11.598-47.35c-1.115-4.554-5.197-7.756-9.885-7.756h-27.538c-1.357 0-2.659.276-3.857.767 2.942 1.208 5.235 3.754 6.028 6.989z"
                fill="#e4936b"
              />
            </g>
            <g>
              <path
                d="m364.844 415.318h35.252l-14.474-59.092h-35.252z"
                fill="#e4936b"
              />
            </g>
          </g>
        </svg>
      </div>
      <div
        class="MuiBox-root MuiBox-root-12 makeStyles-messageLayout-5"
      >
        <h3
          class="MuiTypography-root makeStyles-message-6 MuiTypography-h3 MuiTypography-alignCenter"
        >
          Ops...this page is under construction!
        </h3>
        <p
          class="MuiTypography-root makeStyles-message-6 makeStyles-submessage-7 MuiTypography-body1 MuiTypography-alignCenter"
        >
          Sorry, we are doing the best for having good features available for you. But unfortunately this is a free application and we don't have much time as we liked to work on it.
        </p>
      </div>
    </div>
  </div>
</div>
`;
