// Jest Snapshot v1, https://goo.gl/fbAQLP

exports[`<MeasuresView /> create component MeasuresView 1`] = `
<div>
  <div
    class="makeStyles-root-1"
  >
    <div
      class="MuiContainer-root"
    />
  </div>
</div>
`;
