// Jest Snapshot v1, https://goo.gl/fbAQLP

exports[`<Filters /> create component Filters with adding session 1`] = `
<div>
  <div
    class="MuiPaper-root MuiCard-root makeStyles-root-1 MuiPaper-elevation1 MuiPaper-rounded"
  >
    <div
      class="MuiCardContent-root"
    >
      <div
        class="makeStyles-filterSession-2"
      >
        <div
          class="MuiGrid-root MuiGrid-container MuiGrid-spacing-xs-1"
        >
          <div
            class="MuiGrid-root MuiGrid-item MuiGrid-grid-xs-12"
          >
            <h2
              class="MuiTypography-root MuiTypography-h5 MuiTypography-gutterBottom"
            >
              Filters
            </h2>
          </div>
          <div
            class="MuiGrid-root MuiGrid-item MuiGrid-grid-xs-12"
          >
            <div
              class="MuiFormControl-root"
            >
              <label
                class="MuiFormLabel-root MuiInputLabel-root MuiInputLabel-formControl MuiInputLabel-animated MuiInputLabel-shrink MuiInputLabel-outlined MuiFormLabel-filled"
                data-shrink="true"
              >
                Time Frame
              </label>
              <div
                class="MuiInputBase-root MuiOutlinedInput-root MuiInputBase-formControl"
              >
                <div
                  aria-haspopup="listbox"
                  aria-labelledby="time-frame-weight time-frame-weight-select"
                  class="MuiSelect-root MuiSelect-select MuiSelect-selectMenu MuiSelect-outlined MuiInputBase-input MuiOutlinedInput-input"
                  id="time-frame-weight-select"
                  role="button"
                  tabindex="0"
                >
                  1 Week
                </div>
                <input
                  aria-hidden="true"
                  class="MuiSelect-nativeInput"
                  tabindex="-1"
                  value="1_WEEK"
                />
                <svg
                  aria-hidden="true"
                  class="MuiSvgIcon-root MuiSelect-icon MuiSelect-iconOutlined"
                  focusable="false"
                  viewBox="0 0 24 24"
                >
                  <path
                    d="M7 10l5 5 5-5z"
                  />
                </svg>
                <fieldset
                  aria-hidden="true"
                  class="PrivateNotchedOutline-root-4 MuiOutlinedInput-notchedOutline"
                >
                  <legend
                    class="PrivateNotchedOutline-legendLabelled-6 PrivateNotchedOutline-legendNotched-7"
                  >
                    <span>
                      Time Frame
                    </span>
                  </legend>
                </fieldset>
              </div>
            </div>
          </div>
        </div>
      </div>
      <hr
        class="MuiDivider-root"
      />
      <div
        class="makeStyles-addSession-3"
      >
        <h2
          class="MuiTypography-root MuiTypography-h5 MuiTypography-gutterBottom"
        >
          Add
        </h2>
        <div
          class="MuiFormControl-root MuiTextField-root MuiFormControl-fullWidth"
        >
          <label
            class="MuiFormLabel-root MuiInputLabel-root MuiInputLabel-formControl MuiInputLabel-animated MuiInputLabel-shrink MuiFormLabel-filled Mui-required Mui-required"
            data-shrink="true"
          >
            Weight
            <span
              aria-hidden="true"
              class="MuiFormLabel-asterisk MuiInputLabel-asterisk"
            >
              â€‰
              *
            </span>
          </label>
          <div
            class="MuiInputBase-root MuiInput-root MuiInput-underline MuiInputBase-fullWidth MuiInput-fullWidth MuiInputBase-formControl MuiInput-formControl"
          >
            <input
              aria-invalid="false"
              class="MuiInputBase-input MuiInput-input"
              min="0"
              name="weight"
              required=""
              step="0.05"
              type="number"
              value="50.5"
            />
          </div>
          <p
            class="MuiFormHelperText-root MuiFormHelperText-filled Mui-required"
          >
            Please specify your weight
          </p>
        </div>
        <div
          class="MuiFormControl-root MuiTextField-root MuiFormControl-marginDense MuiFormControl-fullWidth"
        >
          <div
            class="MuiInputBase-root MuiInput-root MuiInput-underline MuiInputBase-fullWidth MuiInput-fullWidth MuiInputBase-formControl MuiInput-formControl MuiInputBase-adornedEnd MuiInputBase-marginDense MuiInput-marginDense"
          >
            <input
              aria-invalid="false"
              class="MuiInputBase-input MuiInput-input MuiInputBase-inputAdornedEnd MuiInputBase-inputMarginDense MuiInput-inputMarginDense"
              type="text"
              value="2021/04/01"
            />
            <div
              class="MuiInputAdornment-root MuiInputAdornment-positionEnd MuiInputAdornment-marginDense"
            >
              <button
                class="MuiButtonBase-root MuiIconButton-root"
                tabindex="0"
                type="button"
              >
                <span
                  class="MuiIconButton-label"
                >
                  <svg
                    aria-hidden="true"
                    class="MuiSvgIcon-root"
                    focusable="false"
                    viewBox="0 0 24 24"
                  >
                    <path
                      d="M17 12h-5v5h5v-5zM16 1v2H8V1H6v2H5c-1.11 0-1.99.9-1.99 2L3 19c0 1.1.89 2 2 2h14c1.1 0 2-.9 2-2V5c0-1.1-.9-2-2-2h-1V1h-2zm3 18H5V8h14v11z"
                    />
                    <path
                      d="M0 0h24v24H0z"
                      fill="none"
                    />
                  </svg>
                </span>
                <span
                  class="MuiTouchRipple-root"
                />
              </button>
            </div>
          </div>
          <p
            class="MuiFormHelperText-root MuiFormHelperText-filled MuiFormHelperText-marginDense"
          >
            Date
          </p>
        </div>
        <div
          class="MuiBox-root MuiBox-root-8"
        >
          <button
            class="MuiButtonBase-root MuiButton-root MuiButton-contained MuiButton-containedPrimary"
            tabindex="0"
            type="button"
          >
            <span
              class="MuiButton-label"
            >
              <span
                class="MuiButton-startIcon MuiButton-iconSizeMedium"
              >
                <svg
                  aria-hidden="true"
                  class="MuiSvgIcon-root"
                  focusable="false"
                  viewBox="0 0 24 24"
                >
                  <path
                    d="M13 7h-2v4H7v2h4v4h2v-4h4v-2h-4V7zm-1-5C6.48 2 2 6.48 2 12s4.48 10 10 10 10-4.48 10-10S17.52 2 12 2zm0 18c-4.41 0-8-3.59-8-8s3.59-8 8-8 8 3.59 8 8-3.59 8-8 8z"
                  />
                </svg>
              </span>
              Add
            </span>
            <span
              class="MuiTouchRipple-root"
            />
          </button>
        </div>
      </div>
    </div>
  </div>
</div>
`;

exports[`<Filters /> create component Filters without adding session 1`] = `
<div>
  <div
    class="MuiPaper-root MuiCard-root makeStyles-root-9 MuiPaper-elevation1 MuiPaper-rounded"
  >
    <div
      class="MuiCardContent-root"
    >
      <div
        class="makeStyles-filterSession-10"
      >
        <div
          class="MuiGrid-root MuiGrid-container MuiGrid-spacing-xs-1"
        >
          <div
            class="MuiGrid-root MuiGrid-item MuiGrid-grid-xs-12"
          >
            <h2
              class="MuiTypography-root MuiTypography-h5 MuiTypography-gutterBottom"
            >
              Filters
            </h2>
          </div>
          <div
            class="MuiGrid-root MuiGrid-item MuiGrid-grid-xs-12"
          >
            <div
              class="MuiFormControl-root"
            >
              <label
                class="MuiFormLabel-root MuiInputLabel-root MuiInputLabel-formControl MuiInputLabel-animated MuiInputLabel-shrink MuiInputLabel-outlined MuiFormLabel-filled"
                data-shrink="true"
              >
                Time Frame
              </label>
              <div
                class="MuiInputBase-root MuiOutlinedInput-root MuiInputBase-formControl"
              >
                <div
                  aria-haspopup="listbox"
                  aria-labelledby="time-frame-weight time-frame-weight-select"
                  class="MuiSelect-root MuiSelect-select MuiSelect-selectMenu MuiSelect-outlined MuiInputBase-input MuiOutlinedInput-input"
                  id="time-frame-weight-select"
                  role="button"
                  tabindex="0"
                >
                  1 Week
                </div>
                <input
                  aria-hidden="true"
                  class="MuiSelect-nativeInput"
                  tabindex="-1"
                  value="1_WEEK"
                />
                <svg
                  aria-hidden="true"
                  class="MuiSvgIcon-root MuiSelect-icon MuiSelect-iconOutlined"
                  focusable="false"
                  viewBox="0 0 24 24"
                >
                  <path
                    d="M7 10l5 5 5-5z"
                  />
                </svg>
                <fieldset
                  aria-hidden="true"
                  class="PrivateNotchedOutline-root-12 MuiOutlinedInput-notchedOutline"
                >
                  <legend
                    class="PrivateNotchedOutline-legendLabelled-14 PrivateNotchedOutline-legendNotched-15"
                  >
                    <span>
                      Time Frame
                    </span>
                  </legend>
                </fieldset>
              </div>
            </div>
          </div>
        </div>
      </div>
    </div>
  </div>
</div>
`;
